// Jest Snapshot v1, https://goo.gl/fbAQLP

exports[`App Tests App should mount <Search /> 1`] = `[Function]`;

exports[`App Tests Should render the weather page when a city is specified 1`] = `[Function]`;
