// Jest Snapshot v1, https://goo.gl/fbAQLP

exports[`CurrentWeather Tests  CurrentWeather should render 1 CurrentWeather component 1`] = `[Function]`;
