// Jest Snapshot v1, https://goo.gl/fbAQLP

exports[`Search Tests  Search should render 1 Search component 1`] = `[Function]`;
